============================= test session starts =============================
platform win32 -- Python 3.12.10, pytest-9.1.1, pluggy-1.6.0 -- C:\hostedtoolcache\windows\Python\3.12.10\x64\python.exe
cachedir: .pytest_cache
PySide6 6.11.2 -- Qt runtime 6.11.2 -- Qt compiled 6.11.2
rootdir: D:\a\ugc-studio\ugc-studio
configfile: pytest.ini
testpaths: tests
plugins: qt-4.5.0
collecting ... collected 922 items

tests/test_alignement.py::test_cle_d_alignement PASSED                   [  0%]
tests/test_alignement.py::test_mots_du_script_ponctuation_jamais_seule PASSED [  0%]
tests/test_alignement.py::test_mots_identiques_prennent_les_temps_transcrits PASSED [  0%]
tests/test_alignement.py::test_mots_differents_partagent_le_passage_transcrit PASSED [  0%]
tests/test_alignement.py::test_mot_absent_place_dans_le_silence PASSED   [  0%]
tests/test_alignement.py::test_mot_absent_sans_silence_partage_le_mot_d_avant PASSED [  0%]
tests/test_alignement.py::test_mots_absents_au_debut_et_a_la_fin PASSED  [  0%]
tests/test_alignement.py::test_mots_transcrits_en_trop_ignores PASSED    [  0%]
tests/test_alignement.py::test_temps_toujours_croissants PASSED          [  0%]
tests/test_alignement.py::test_rien_a_aligner PASSED                     [  1%]
tests/test_animations.py::test_sans_animation_au_depart PASSED           [  1%]
tests/test_animations.py::test_profils_des_animations PASSED             [  1%]
tests/test_animations.py::test_courbes PASSED                            [  1%]
tests/test_animations.py::test_animations_ecrites_puis_relues PASSED     [  1%]
tests/test_animations_interface.py::test_valeurs_du_mot_pendant_l_animation PASSED [  1%]
tests/test_animations_interface.py::test_le_sommet_compte_dans_la_place PASSED [  1%]
tests/test_animations_interface.py::test_mot_actif_anime_puis_immobile PASSED [  1%]
tests/test_animations_interface.py::test_retour_en_fondu PASSED          [  1%]
tests/test_animations_interface.py::test_apparition_et_disparition_du_sous_titre PASSED [  2%]
tests/test_animations_interface.py::test_apercu_a_100_pour_cent_identique_a_l_export_avec_les_animations PASSED [  2%]
tests/test_animations_interface.py::test_onglet_animations PASSED        [  2%]
tests/test_animations_interface.py::test_studio_avec_l_onglet_animations PASSED [  2%]
tests/test_audio_estimation.py::test_wav PASSED                          [  2%]
tests/test_audio_estimation.py::test_recoller_des_morceaux PASSED        [  2%]
tests/test_audio_estimation.py::test_duree_parlee PASSED                 [  2%]
tests/test_audio_estimation.py::test_estimation_du_cout PASSED           [  2%]
tests/test_audio_estimation.py::test_calibrage_des_tokens_audio PASSED   [  2%]
tests/test_audio_estimation.py::test_script_long_decoupe_aux_fins_de_phrases PASSED [  3%]
tests/test_audio_estimation.py::test_estimation_de_plusieurs_repliques PASSED [  3%]
tests/test_audio_estimation.py::test_repliques_reparties_en_plusieurs_requetes_si_trop_longues PASSED [  3%]
tests/test_avi.py::test_structure_du_fichier_avi PASSED                  [  3%]
tests/test_balises.py::test_chaque_balise_a_un_nom_francais_unique PASSED [  3%]
tests/test_balises.py::test_du_nom_francais_au_nom_anglais_et_retour PASSED [  3%]
tests/test_balises.py::test_infobulle_avec_le_vrai_nom PASSED            [  3%]
tests/test_balises.py::test_balises_francaises_collees_puis_envoyees_en_anglais PASSED [  3%]
tests/test_balises.py::test_un_signe_inferieur_n_est_pas_une_balise PASSED [  3%]
tests/test_bibliotheque_voix.py::test_bibliotheque_chargee_puis_gardee PASSED [  4%]
tests/test_bibliotheque_voix.py::test_langue_du_projet_meme_si_mes_voix_arrivent_d_abord PASSED [  4%]
tests/test_bibliotheque_voix.py::test_filtres_recherche_et_favoris PASSED [  4%]
tests/test_bibliotheque_voix.py::test_choisir_une_voix_pour_le_projet PASSED [  4%]
tests/test_bibliotheque_voix.py::test_favoris_en_tete_de_la_liste_des_voix PASSED [  4%]
tests/test_bibliotheque_voix.py::test_voix_creee_prend_son_modele PASSED [  4%]
tests/test_bibliotheque_voix.py::test_ecouter_une_voix_creee_sans_frais PASSED [  4%]
tests/test_bibliotheque_voix.py::test_ecouter_une_voix_de_base_genere_une_phrase PASSED [  4%]
tests/test_bibliotheque_voix.py::test_mes_voix_supprimer PASSED          [  4%]
tests/test_bibliotheque_voix.py::test_creer_une_voix_puis_l_utiliser PASSED [  4%]
tests/test_bibliotheque_voix.py::test_assistant_de_description_reporte_le_genre PASSED [  5%]
tests/test_bibliotheque_voix.py::test_description_en_francais_signalee PASSED [  5%]
tests/test_bibliotheque_voix.py::test_vingt_voix_puis_vingt_de_plus PASSED [  5%]
tests/test_bibliotheque_voix.py::test_une_etoile_ne_reconstruit_rien PASSED [  5%]
tests/test_bibliotheque_voix.py::test_une_seule_construction_a_l_ouverture PASSED [  5%]
tests/test_bouton.py::test_un_seul_ecart_celui_de_la_barre_laterale PASSED [  5%]
tests/test_bouton.py::test_taille_d_un_bouton_avec_icone PASSED          [  5%]
tests/test_bouton.py::test_bouton_icone_carre PASSED                     [  5%]
tests/test_bouton.py::test_icone_et_texte_centres_en_hauteur_avec_le_bon_ecart PASSED [  5%]
tests/test_bouton.py::test_icone_a_droite_meme_ecart PASSED              [  6%]
tests/test_bouton.py::test_texte_des_pastilles_centre_a_l_oeil PASSED    [  6%]
tests/test_bouton.py::test_chaque_variante_se_dessine[normal] PASSED     [  6%]
tests/test_bouton.py::test_chaque_variante_se_dessine[principal] PASSED  [  6%]
tests/test_bouton.py::test_chaque_variante_se_dessine[contour] PASSED    [  6%]
tests/test_bouton.py::test_chaque_variante_se_dessine[icone] PASSED      [  6%]
tests/test_bouton.py::test_chaque_variante_se_dessine[projet] PASSED     [  6%]
tests/test_bouton.py::test_variante_inconnue_refusee PASSED              [  6%]
tests/test_bouton.py::test_quatre_styles_et_l_etat_selectionne PASSED    [  6%]
tests/test_bouton.py::test_le_menu_s_ouvre_et_le_bouton_se_releve PASSED [  7%]
tests/test_bouton.py::test_touche_entree PASSED                          [  7%]
tests/test_bouton.py::test_projet_attenue_sans_projet PASSED             [  7%]
tests/test_bouton.py::test_bouton_du_projet PASSED                       [  7%]
tests/test_boutons_et_aides.py::test_bouton_occupe PASSED                [  7%]
tests/test_boutons_et_aides.py::test_un_seul_bouton_occupe_a_la_fois PASSED [  7%]
tests/test_boutons_et_aides.py::test_icone_seule_au_milieu_d_une_rangee_de_boutons PASSED [  7%]
tests/test_boutons_et_aides.py::test_texte_d_une_bulle_en_lignes_courtes PASSED [  7%]
tests/test_boutons_et_aides.py::test_bouton_info PASSED                  [  7%]
tests/test_boutons_et_aides.py::test_icone_i_au_debut_du_texte_qu_elle_explique PASSED [  8%]
tests/test_boutons_et_aides.py::test_icone_i_entre_la_case_et_son_texte PASSED [  8%]
tests/test_boutons_et_aides.py::test_icone_i_apres_un_bouton_et_dans_une_section PASSED [  8%]
tests/test_boutons_et_aides.py::test_retablir_d_un_groupe_de_16_px PASSED [  8%]
tests/test_boutons_et_aides.py::test_moins_de_phrases_d_aide_dans_l_app PASSED [  8%]
tests/test_boutons_et_aides.py::test_date_du_taux_en_ligne_de_donnees PASSED [  8%]
tests/test_boutons_et_aides.py::test_le_cercle_tourne_dans_le_bouton_clique PASSED [  8%]
tests/test_boutons_et_aides.py::test_cercle_dans_le_bouton_du_taux_de_change PASSED [  8%]
tests/test_boutons_et_aides.py::test_conseils_en_cartes PASSED           [  8%]
tests/test_boutons_et_aides.py::test_plus_de_majuscules_dans_l_interface PASSED [  9%]
tests/test_boutons_et_aides.py::test_accentuer_sans_majuscules PASSED    [  9%]
tests/test_bulles_menus_messages.py::test_bulle_de_l_app_a_la_place_de_celle_de_qt PASSED [  9%]
tests/test_bulles_menus_messages.py::test_sans_infobulle_la_bulle_vient_du_parent PASSED [  9%]
tests/test_bulles_menus_messages.py::test_bulles_des_menus_et_des_listes PASSED [  9%]
tests/test_bulles_menus_messages.py::test_menu_de_l_app PASSED           [  9%]
tests/test_bulles_menus_messages.py::test_menu_8_px_sous_son_bouton PASSED [  9%]
tests/test_bulles_menus_messages.py::test_clic_droit_dans_un_champ PASSED [  9%]
tests/test_bulles_menus_messages.py::test_message_vert_ou_rouge_efface_apres_le_delai PASSED [  9%]
tests/test_bulles_menus_messages.py::test_erreur_d_une_info_effacee PASSED [  9%]
tests/test_bulles_menus_messages.py::test_messages_des_modules PASSED    [ 10%]
tests/test_bulles_menus_messages.py::test_clic_n_importe_ou_sur_la_barre PASSED [ 10%]
tests/test_bulles_menus_messages.py::test_voyant_au_debut_du_nom_de_la_cle PASSED [ 10%]
tests/test_bulles_menus_messages.py::test_espace_sous_le_nom_d_un_modele PASSED [ 10%]
tests/test_capacites.py::test_modeles_du_cahier_des_charges PASSED       [ 10%]
tests/test_capacites.py::test_hausse_annoncee_au_1er_janvier_2027 PASSED [ 10%]
tests/test_capacites.py::test_ordre_de_grandeur_google PASSED            [ 10%]
tests/test_capacites.py::test_anciennes_voix_sans_balises_ni_voice_design PASSED [ 10%]
tests/test_capacites.py::test_modeles_live_jamais_proposes PASSED        [ 10%]
tests/test_capacites.py::test_capacites_devinees_pour_un_nouveau_modele PASSED [ 11%]
tests/test_capacites.py::test_modeles_de_texte_reconnus_d_apres_leur_nom PASSED [ 11%]
tests/test_capacites.py::test_modeles_de_texte_du_catalogue PASSED       [ 11%]
tests/test_capacites.py::test_croisement_cles_et_taches PASSED           [ 11%]
tests/test_capacites.py::test_balises_demandees_ancien_modele_incompatible PASSED [ 11%]
tests/test_capacites.py::test_modele_stt_sans_mots_horodates_marque_incompatible PASSED [ 11%]
tests/test_capacites.py::test_raison_incompatibilite_animation PASSED    [ 11%]
tests/test_champs_nommes.py::test_le_nom_au_dessus_du_champ PASSED       [ 11%]
tests/test_champs_nommes.py::test_reglages_un_par_ligne PASSED           [ 11%]
tests/test_champs_nommes.py::test_reglage_sur_toute_la_largeur PASSED    [ 12%]
tests/test_champs_nommes.py::test_champs_en_colonnes PASSED              [ 12%]
tests/test_champs_nommes.py::test_case_a_cocher_a_la_taille_du_texte PASSED [ 12%]
tests/test_champs_nommes.py::test_noms_au_dessus_dans_l_app PASSED       [ 12%]
tests/test_chemins.py::test_dossier_donnees_force_pour_les_tests PASSED  [ 12%]
tests/test_chemins.py::test_journal_dans_le_dossier_de_donnees PASSED    [ 12%]
tests/test_chemins.py::test_ressources_embarquees_presentes PASSED       [ 12%]
tests/test_chemins.py::test_chaque_icone_utilisee_existe PASSED          [ 12%]
tests/test_chemins.py::test_dossier_des_programmes PASSED                [ 12%]
tests/test_chemins.py::test_chemin_a_afficher_peut_passer_a_la_ligne PASSED [ 13%]
tests/test_connexions.py::test_apercu PASSED                             [ 13%]
tests/test_connexions.py::test_ajout_cle_dans_le_coffre_pas_dans_le_fichier PASSED [ 13%]
tests/test_connexions.py::test_cle_masquee_dans_le_journal_une_fois_chargee PASSED [ 13%]
tests/test_connexions.py::test_plusieurs_cles_et_cle_par_defaut PASSED   [ 13%]
tests/test_connexions.py::test_suppression_de_la_cle_par_defaut PASSED   [ 13%]
tests/test_connexions.py::test_renommer_et_remplacer PASSED              [ 13%]
tests/test_connexions.py::test_modeles_disponibles_apres_un_test_reussi PASSED [ 13%]
tests/test_connexions.py::test_rechargement_depuis_le_fichier PASSED     [ 13%]
tests/test_connexions.py::test_message_de_test_de_la_v1_0_0_sans_tiret PASSED [ 13%]
tests/test_connexions.py::test_cle_absente_du_coffre PASSED              [ 14%]
tests/test_connexions.py::test_notification_des_changements PASSED       [ 14%]
tests/test_conseils.py::test_chaque_module_a_son_bouton_conseils PASSED  [ 14%]
tests/test_conseils.py::test_conseils_dans_le_bandeau_au_bout_du_titre PASSED [ 14%]
tests/test_conseils.py::test_le_bouton_ouvre_les_conseils PASSED         [ 14%]
tests/test_conseils.py::test_fenetre_des_conseils PASSED                 [ 14%]
tests/test_conseils.py::test_plus_de_bloc_conseils_google_sous_le_script PASSED [ 14%]
tests/test_conseils.py::test_fenetres_avec_bouton_conseils PASSED        [ 14%]
tests/test_conseils_des_pages.py::test_chaque_page_a_des_conseils PASSED [ 14%]
tests/test_conseils_des_pages.py::test_en_francais_seulement PASSED      [ 15%]
tests/test_conseils_des_pages.py::test_les_conseils_de_google_sont_repris PASSED [ 15%]
tests/test_conseils_des_pages.py::test_chaque_bouton_ouvre_une_page_qui_existe_et_chaque_page_sert PASSED [ 15%]
tests/test_conseils_des_pages.py::test_cinq_modules_et_dix_neuf_fenetres PASSED [ 15%]
tests/test_conseils_des_pages.py::test_regles_publicitaires_dans_les_conseils_du_script PASSED [ 15%]
tests/test_disposition_studio.py::test_taille_de_la_zone_d_apercu PASSED [ 15%]
tests/test_disposition_studio.py::test_fenetre_moyenne PASSED            [ 15%]
tests/test_disposition_studio.py::test_trois_colonnes_en_grande_fenetre PASSED [ 15%]
tests/test_disposition_studio.py::test_l_apparence_defile_seule PASSED   [ 15%]
tests/test_disposition_studio.py::test_fenetre_pas_assez_haute_la_video_garde_640_px PASSED [ 16%]
tests/test_disposition_studio.py::test_fenetre_trop_basse_pas_de_trois_colonnes PASSED [ 16%]
tests/test_disposition_studio.py::test_decoupage_et_position_dans_l_onglet_texte PASSED [ 16%]
tests/test_disposition_studio.py::test_une_colonne_qui_ne_defile_pas_suit_son_contenu PASSED [ 16%]
tests/test_disposition_studio.py::test_commandes_de_l_apercu_sous_leur_nom PASSED [ 16%]
tests/test_disposition_studio.py::test_coins_arrondis_de_l_apercu_a_l_ecran_seulement PASSED [ 16%]
tests/test_disposition_studio.py::test_bibliotheque_et_enregistrer_en_icones PASSED [ 16%]
tests/test_disposition_studio.py::test_un_reglage_par_ligne_dans_les_effets PASSED [ 16%]
tests/test_disposition_studio.py::test_video_aux_memes_marges_que_le_titre PASSED [ 16%]
tests/test_disposition_studio.py::test_un_long_chemin_introuvable_n_elargit_pas_l_apercu PASSED [ 17%]
tests/test_disposition_studio.py::test_en_fenetre_moyenne_apparence_defile_a_la_hauteur_de_l_apercu PASSED [ 17%]
tests/test_disposition_studio.py::test_en_petite_fenetre_tout_l_un_sous_l_autre PASSED [ 17%]
tests/test_disposition_studio.py::test_en_grande_fenetre_sous_titres_plus_large_qu_apparence PASSED [ 17%]
tests/test_ecriture_brief.py::test_durees_par_defaut_des_reseaux PASSED  [ 17%]
tests/test_ecriture_brief.py::test_mots_vises_a_2_7_mots_par_seconde PASSED [ 17%]
tests/test_ecriture_brief.py::test_tutoiement_automatique PASSED         [ 17%]
tests/test_ecriture_brief.py::test_pays_langues_et_devises PASSED        [ 17%]
tests/test_ecriture_brief.py::test_pre_remplissage_sans_jamais_ecraser_ce_qui_est_tape PASSED [ 17%]
tests/test_ecriture_brief.py::test_pre_rempli_puis_vide_n_est_plus_marque PASSED [ 18%]
tests/test_ecriture_brief.py::test_listes_de_contraintes PASSED          [ 18%]
tests/test_ecriture_brief.py::test_brief_relu_avec_des_valeurs_inconnues PASSED [ 18%]
tests/test_ecriture_lot2.py::test_bibliotheque_de_briefs PASSED          [ 18%]
tests/test_ecriture_lot2.py::test_brief_enregistre_avec_sa_page PASSED   [ 18%]
tests/test_ecriture_lot2.py::test_script_colle_decoupe_en_repliques PASSED [ 18%]
tests/test_ecriture_lot2.py::test_notes_et_exemples_fournis_remis PASSED [ 18%]
tests/test_ecriture_lot2.py::test_dupliquer_un_script PASSED             [ 18%]
tests/test_ecriture_lot2.py::test_series_et_numeros PASSED               [ 18%]
tests/test_ecriture_lot2.py::test_reglages_par_variante PASSED           [ 18%]
tests/test_ecriture_lot2.py::test_cout_estime_des_trois_modes PASSED     [ 19%]
tests/test_ecriture_lot2.py::test_accroches_des_variantes_une_par_angle PASSED [ 19%]
tests/test_ecriture_lot2.py::test_autres_accroches_pour_le_meme_corps PASSED [ 19%]
tests/test_ecriture_lot2.py::test_variantes_d_accroches_gardent_le_corps PASSED [ 19%]
tests/test_ecriture_lot2.py::test_retouche_d_un_script PASSED            [ 19%]
tests/test_ecriture_lot2.py::test_vitesse_mesuree_dans_l_ecriture PASSED [ 19%]
tests/test_ecriture_page.py::test_boutique_shopify PASSED                [ 19%]
tests/test_ecriture_page.py::test_variante_par_defaut_la_premiere_disponible PASSED [ 19%]
tests/test_ecriture_page.py::test_donnees_shopify_lues_meme_si_la_page_est_refusee PASSED [ 19%]
tests/test_ecriture_page.py::test_autre_boutique_avec_donnees_pour_google PASSED [ 20%]
tests/test_ecriture_page.py::test_site_qui_bloque PASSED                 [ 20%]
tests/test_ecriture_page.py::test_page_introuvable PASSED                [ 20%]
tests/test_ecriture_page.py::test_page_remplie_par_le_navigateur PASSED  [ 20%]
tests/test_ecriture_page.py::test_adresse_qui_n_est_pas_une_page PASSED  [ 20%]
tests/test_ecriture_page.py::test_adresses PASSED                        [ 20%]
tests/test_ecriture_page.py::test_prix_lisibles PASSED                   [ 20%]
tests/test_ecriture_page.py::test_texte_colle PASSED                     [ 20%]
tests/test_ecriture_page.py::test_texte_de_html_sans_balise_non_fermee PASSED [ 20%]
tests/test_ecriture_redaction.py::test_fiche_d_une_page_lue_par_l_app PASSED [ 21%]
tests/test_ecriture_redaction.py::test_reponse_illisible PASSED          [ 21%]
tests/test_ecriture_redaction.py::test_page_lue_par_google PASSED        [ 21%]
tests/test_ecriture_redaction.py::test_page_que_google_ne_peut_pas_lire[paywall-r\xe9serv\xe9e] PASSED [ 21%]
tests/test_ecriture_redaction.py::test_page_que_google_ne_peut_pas_lire[unsafe-dangereuse] PASSED [ 21%]
tests/test_ecriture_redaction.py::test_page_que_google_ne_peut_pas_lire[error-n'a pas pu lire] PASSED [ 21%]
tests/test_ecriture_redaction.py::test_un_autre_modele_essaie_si_le_premier_ne_sait_pas_lire_les_pages PASSED [ 21%]
tests/test_ecriture_redaction.py::test_google_ne_trouve_rien PASSED      [ 21%]
tests/test_ecriture_redaction.py::test_accroches PASSED                  [ 21%]
tests/test_ecriture_redaction.py::test_script_ecrit_puis_relu_sans_correction PASSED [ 22%]
tests/test_ecriture_redaction.py::test_point_grave_corrige_avant_affichage PASSED [ 22%]
tests/test_ecriture_redaction.py::test_point_grave_non_corrige_reste_visible PASSED [ 22%]
tests/test_ecriture_redaction.py::test_accroche_imposee_et_erreurs PASSED [ 22%]
tests/test_ecriture_redaction.py::test_brief_donne_au_modele PASSED      [ 22%]
tests/test_ecriture_redaction.py::test_estimations_avant_de_lancer PASSED [ 22%]
tests/test_ecriture_scripts.py::test_balises_et_mot_accentue PASSED      [ 22%]
tests/test_ecriture_scripts.py::test_balise_inconnue_ou_non_demandee_retiree PASSED [ 22%]
tests/test_ecriture_scripts.py::test_guillemets_autour_de_la_replique_retires PASSED [ 22%]
tests/test_ecriture_scripts.py::test_texte_pour_le_modele_reciproque PASSED [ 22%]
tests/test_ecriture_scripts.py::test_repliques_de_la_reponse PASSED      [ 23%]
tests/test_ecriture_scripts.py::test_script_enregistre_et_relu PASSED    [ 23%]
tests/test_ecriture_scripts.py::test_duree_controlee_par_l_app PASSED    [ 23%]
tests/test_ecriture_scripts.py::test_mots_interdits_et_mentions PASSED   [ 23%]
tests/test_ecriture_scripts.py::test_styles_et_accroche_choisie_verifies PASSED [ 23%]
tests/test_ecriture_scripts.py::test_exemples_fournis_valides PASSED     [ 23%]
tests/test_ecriture_scripts.py::test_choix_des_exemples PASSED           [ 23%]
tests/test_ecriture_scripts.py::test_exemples_adaptes_aux_options_du_brief PASSED [ 23%]
tests/test_ecriture_scripts.py::test_bibliotheque_d_exemples PASSED      [ 23%]
tests/test_ecriture_scripts.py::test_exemple_fourni_relu[fourni-glowzy] PASSED [ 24%]
tests/test_ecriture_scripts.py::test_exemple_fourni_relu[fourni-choppy] PASSED [ 24%]
tests/test_ecriture_scripts.py::test_exemple_fourni_relu[fourni-brosso] PASSED [ 24%]
tests/test_ecriture_scripts.py::test_exemple_fourni_relu[fourni-runbeat] PASSED [ 24%]
tests/test_ecriture_scripts.py::test_exemple_fourni_relu[fourni-voltie] PASSED [ 24%]
tests/test_elements.py::test_la_molette_fait_defiler_la_page_sans_changer_les_valeurs PASSED [ 24%]
tests/test_elements.py::test_champs_de_nombre PASSED                     [ 24%]
tests/test_elements.py::test_case_a_cocher_avec_explication PASSED       [ 24%]
tests/test_elements.py::test_info_avec_ampoule PASSED                    [ 24%]
tests/test_elements.py::test_pastille PASSED                             [ 25%]
tests/test_exports_cadence.py::test_frequence_exacte[29.97002997002997-attendue0] PASSED [ 25%]
tests/test_exports_cadence.py::test_frequence_exacte[29.97-attendue1] PASSED [ 25%]
tests/test_exports_cadence.py::test_frequence_exacte[23.976023976-attendue2] PASSED [ 25%]
tests/test_exports_cadence.py::test_frequence_exacte[59.94005994-attendue3] PASSED [ 25%]
tests/test_exports_cadence.py::test_frequence_exacte[25.0-attendue4] PASSED [ 25%]
tests/test_exports_cadence.py::test_frequence_exacte[30.0-attendue5] PASSED [ 25%]
tests/test_exports_cadence.py::test_frequence_exacte[30.01-attendue6] PASSED [ 25%]
tests/test_exports_cadence.py::test_frequence_exacte[60-attendue7] PASSED [ 25%]
tests/test_exports_cadence.py::test_frequence_exacte[12.5-attendue8] PASSED [ 26%]
tests/test_exports_cadence.py::test_frequence_exacte[valeur9-attendue9] PASSED [ 26%]
tests/test_exports_cadence.py::test_frequence_inconnue[None] PASSED      [ 26%]
tests/test_exports_cadence.py::test_frequence_inconnue[0] PASSED         [ 26%]
tests/test_exports_cadence.py::test_frequence_inconnue[-25] PASSED       [ 26%]
tests/test_exports_cadence.py::test_frequence_inconnue[illisible] PASSED [ 26%]
tests/test_exports_cadence.py::test_frequence_inconnue[nan] PASSED       [ 26%]
tests/test_exports_cadence.py::test_frequence_inconnue[inf] PASSED       [ 26%]
tests/test_exports_cadence.py::test_moment_de_chaque_image_sans_decalage_apres_10_minutes PASSED [ 26%]
tests/test_exports_cadence.py::test_nombre_d_images[2.0-frequence0-50] PASSED [ 27%]
tests/test_exports_cadence.py::test_nombre_d_images[7.4-frequence1-74] PASSED [ 27%]
tests/test_exports_cadence.py::test_nombre_d_images[7.42-frequence2-75] PASSED [ 27%]
tests/test_exports_cadence.py::test_nombre_d_images[0.0-frequence3-1] PASSED [ 27%]
tests/test_exports_cadence.py::test_nombre_d_images[1.0-frequence4-30] PASSED [ 27%]
tests/test_exports_cadence.py::test_textes PASSED                        [ 27%]
tests/test_exports_ffmpeg.py::test_analyse_d_une_video_a_29_97 PASSED    [ 27%]
tests/test_exports_ffmpeg.py::test_analyse_d_une_video_a_frequence_variable PASSED [ 27%]
tests/test_exports_ffmpeg.py::test_analyse_d_un_audio PASSED             [ 27%]
tests/test_exports_ffmpeg.py::test_lectures_de_textes_de_ffmpeg PASSED   [ 27%]
tests/test_exports_ffmpeg.py::test_couleurs_de_la_source PASSED          [ 28%]
tests/test_exports_ffmpeg.py::test_dolby_vision_et_rotation_de_la_source PASSED [ 28%]
tests/test_exports_ffmpeg.py::test_norme_hdr PASSED                      [ 28%]
tests/test_exports_ffmpeg.py::test_commande_du_calque_hdr PASSED         [ 28%]
tests/test_exports_ffmpeg.py::test_commande_du_calque PASSED             [ 28%]
tests/test_exports_ffmpeg.py::test_ffmpeg_designe_par_la_variable PASSED [ 28%]
tests/test_exports_ffmpeg.py::test_ffmpeg_recopie_une_fois_depuis_le_exe PASSED [ 28%]
tests/test_exports_ffmpeg.py::test_ffmpeg_abime_jamais_lance PASSED      [ 28%]
tests/test_exports_ffmpeg.py::test_ffmpeg_absent_du_exe PASSED           [ 28%]
tests/test_exports_ffmpeg.py::test_ecrire_le_programme_deja_la PASSED    [ 29%]
tests/test_exports_ffmpeg.py::test_ffmpeg_sait_tout_faire PASSED         [ 29%]
tests/test_exports_ffmpeg.py::test_couleurs_lues_sur_de_vraies_videos PASSED [ 29%]
tests/test_exports_ffmpeg.py::test_calque_prores_4444_ecrit_puis_relu PASSED [ 29%]
tests/test_exports_ffmpeg.py::test_calque_hdr_ecrit_puis_relu PASSED     [ 29%]
tests/test_exports_ffmpeg.py::test_norme_bt709_en_8_et_16_bits PASSED    [ 29%]
tests/test_exports_ffmpeg.py::test_arreter_ffmpeg PASSED                 [ 29%]
tests/test_exports_ffmpeg.py::test_erreur_de_ffmpeg_lisible PASSED       [ 29%]
tests/test_exports_interface.py::test_moteur_16_bits_identique_a_l_apercu_a_8_bits_pres PASSED [ 29%]
tests/test_exports_interface.py::test_images_du_calque PASSED            [ 30%]
tests/test_exports_interface.py::test_fenetre_du_calque_d_une_prise PASSED [ 30%]
tests/test_exports_interface.py::test_premier_export_prepare_ffmpeg PASSED [ 30%]
tests/test_exports_interface.py::test_export_du_calque_puis_relu PASSED  [ 30%]
tests/test_exports_interface.py::test_arreter_le_calque PASSED           [ 30%]
tests/test_exports_interface.py::test_fermer_pendant_l_export_l_arrete PASSED [ 30%]
tests/test_exports_interface.py::test_bloc_exporter_de_la_page PASSED    [ 30%]
tests/test_exports_interface.py::test_fenetre_de_la_video PASSED         [ 30%]
tests/test_exports_interface.py::test_export_de_la_video_puis_relue PASSED [ 30%]
tests/test_exports_interface.py::test_arreter_la_video PASSED            [ 31%]
tests/test_exports_interface.py::test_bouton_video_grise_sans_video PASSED [ 31%]
tests/test_exports_interface.py::test_png_de_16_bits_relu_par_ffmpeg PASSED [ 31%]
tests/test_exports_interface.py::test_fenetre_de_la_video_hdr PASSED     [ 31%]
tests/test_exports_interface.py::test_calque_d_une_video_hdr PASSED      [ 31%]
tests/test_exports_interface.py::test_export_hdr_depuis_la_fenetre PASSED [ 31%]
tests/test_exports_plan.py::test_source_video_lue_par_qt PASSED          [ 31%]
tests/test_exports_plan.py::test_source_completee_par_ffmpeg PASSED      [ 31%]
tests/test_exports_plan.py::test_couleurs_de_la_source_lues_par_ffmpeg PASSED [ 31%]
tests/test_exports_plan.py::test_source_d_une_prise PASSED               [ 31%]
tests/test_exports_plan.py::test_source_d_un_fichier_srt_et_de_mots_d_un_autre_enregistrement PASSED [ 32%]
tests/test_exports_plan.py::test_ancienne_prise_dans_le_module_transcription PASSED [ 32%]
tests/test_exports_plan.py::test_nom_propose PASSED                      [ 32%]
tests/test_exports_plan.py::test_plan_d_une_video PASSED                 [ 32%]
tests/test_exports_plan.py::test_plan_d_une_prise PASSED                 [ 32%]
tests/test_exports_plan.py::test_poids_maximum_du_prores_4444 PASSED     [ 32%]
tests/test_exports_plan.py::test_resume_du_calque PASSED                 [ 32%]
tests/test_exports_plan.py::test_resume_avertissements_et_erreurs PASSED [ 32%]
tests/test_exports_plan.py::test_resume_d_une_prise PASSED               [ 32%]
tests/test_exports_plan.py::test_textes_lisibles PASSED                  [ 33%]
tests/test_exports_video.py::test_debit_conseille_d_apres_youtube PASSED [ 33%]
tests/test_exports_video.py::test_debit_par_defaut PASSED                [ 33%]
tests/test_exports_video.py::test_son_copie_ou_converti PASSED           [ 33%]
tests/test_exports_video.py::test_couleurs_de_l_export PASSED            [ 33%]
tests/test_exports_video.py::test_plan_par_defaut PASSED                 [ 33%]
tests/test_exports_video.py::test_plan_d_une_video_couchee PASSED        [ 33%]
tests/test_exports_video.py::test_commandes_h264_en_deux_passages PASSED [ 33%]
tests/test_exports_video.py::test_commandes_h265_prores_mkv PASSED       [ 33%]
tests/test_exports_video.py::test_video_en_plage_complete_et_debut_decale PASSED [ 34%]
tests/test_exports_video.py::test_resume_de_la_video PASSED              [ 34%]
tests/test_exports_video.py::test_voix_des_sous_titres_sous_la_video_muette PASSED [ 34%]
tests/test_exports_video.py::test_resume_avertissements_et_erreurs PASSED [ 34%]
tests/test_exports_video.py::test_hdr_garde_en_h265_10_bits PASSED       [ 34%]
tests/test_exports_video.py::test_debit_conseille_en_hdr PASSED          [ 34%]
tests/test_exports_video.py::test_couleurs_de_l_export_en_hdr PASSED     [ 34%]
tests/test_exports_video.py::test_graphes_du_hdr PASSED                  [ 34%]
tests/test_exports_video.py::test_dolby_vision_repris_en_mp4_et_mkv PASSED [ 34%]
tests/test_exports_video.py::test_resume_du_hdr PASSED                   [ 35%]
tests/test_exports_video.py::test_calque_provisoire_relu_par_ffmpeg PASSED [ 35%]
tests/test_exports_video.py::test_calque_provisoire_de_16_bits_relu PASSED [ 35%]
tests/test_exports_video.py::test_export_h264_mp4_reel PASSED            [ 35%]
tests/test_exports_video.py::test_export_d_une_video_a_frequence_variable PASSED [ 35%]
tests/test_exports_video.py::test_export_prores_et_son_converti PASSED   [ 35%]
tests/test_exports_video.py::test_export_h265_mkv PASSED                 [ 35%]
tests/test_exports_video.py::test_export_avec_la_voix_des_sous_titres_reel PASSED [ 35%]
tests/test_exports_video.py::test_export_hdr_reel PASSED                 [ 35%]
tests/test_exports_video.py::test_export_converti_en_sdr_reel PASSED     [ 36%]
tests/test_exports_video.py::test_export_dolby_vision_reel PASSED        [ 36%]
tests/test_exports_video.py::test_sous_titres_du_bas_d_une_image_haute PASSED [ 36%]
tests/test_exports_video.py::test_rien_d_inutile_dans_les_commandes PASSED [ 36%]
tests/test_extraction.py::test_fin_signalee_pendant_l_arret_du_decodeur PASSED [ 36%]
tests/test_extraction.py::test_conversion_en_entiers_16_bits PASSED      [ 36%]
tests/test_extraction.py::test_wav_16_bits_court PASSED                  [ 36%]
tests/test_fenetre.py::test_modules_de_la_barre_laterale PASSED          [ 36%]
tests/test_fenetre.py::test_clic_sur_un_module PASSED                    [ 36%]
tests/test_fenetre.py::test_cout_de_session_affiche_au_format PASSED     [ 36%]
tests/test_fenetre.py::test_cout_de_session_suit_les_appels PASSED       [ 37%]
tests/test_fenetre.py::test_montant_label_petites_decimales PASSED       [ 37%]
tests/test_fenetre.py::test_la_fenetre_se_souvient_du_module PASSED      [ 37%]
tests/test_fenetre.py::test_balises_affichees_telles_quelles PASSED      [ 37%]
tests/test_fenetre.py::test_police_inter_chargee PASSED                  [ 37%]
tests/test_fenetre.py::test_creer_les_sous_titres_depuis_une_prise PASSED [ 37%]
tests/test_fenetre.py::test_barre_laterale_plus_fine_avec_le_projet_en_haut PASSED [ 37%]
tests/test_fenetre.py::test_le_bandeau_montre_le_titre_du_module PASSED  [ 37%]
tests/test_fenetre.py::test_les_memes_espaces_partout PASSED             [ 37%]
tests/test_fenetre.py::test_reglages_defile_comme_les_autres_pages PASSED [ 38%]
tests/test_fenetres.py::test_nouveau_projet_comme_une_page PASSED        [ 38%]
tests/test_fenetres.py::test_ajout_d_une_cle_comme_une_page PASSED       [ 38%]
tests/test_fenetres.py::test_conseils_sur_le_fond_de_l_app PASSED        [ 38%]
tests/test_fenetres.py::test_question_comme_une_page PASSED              [ 38%]
tests/test_fenetres.py::test_fenetre_d_erreur PASSED                     [ 38%]
tests/test_fenetres.py::test_confirmer_et_prevenir PASSED                [ 38%]
tests/test_fenetres.py::test_demander_texte PASSED                       [ 38%]
tests/test_fenetres.py::test_fenetre_de_texte_comme_une_page PASSED      [ 38%]
tests/test_fenetres.py::test_autre_couleur_comme_une_page PASSED         [ 39%]
tests/test_fenetres.py::test_autre_couleur_echap_ferme_la_fenetre PASSED [ 39%]
tests/test_fenetres.py::test_fondus_de_la_couleur_du_fond PASSED         [ 39%]
tests/test_flux.py::test_evenements_d_un_flux PASSED                     [ 39%]
tests/test_flux.py::test_voix_en_flux PASSED                             [ 39%]
tests/test_flux.py::test_erreur_en_cours_de_flux PASSED                  [ 39%]
tests/test_flux.py::test_flux_coupe_avant_la_fin PASSED                  [ 39%]
tests/test_flux.py::test_generation_en_echec_signalee_a_la_fin PASSED    [ 39%]
tests/test_flux.py::test_audio_seulement_dans_la_reponse_finale PASSED   [ 39%]
tests/test_flux.py::test_nouvel_essai_si_google_surcharge_avant_le_flux PASSED [ 40%]
tests/test_flux.py::test_cle_refusee_en_flux PASSED                      [ 40%]
tests/test_flux.py::test_formats_des_morceaux PASSED                     [ 40%]
tests/test_flux.py::test_script_long_ecoute_avec_le_silence_des_morceaux PASSED [ 40%]
tests/test_flux.py::test_sans_ecoute_pas_de_flux PASSED                  [ 40%]
tests/test_flux.py::test_convertisseur_sans_changement PASSED            [ 40%]
tests/test_flux.py::test_convertisseur_48_khz_stereo_sans_coupure_entre_morceaux PASSED [ 40%]
tests/test_flux.py::test_convertisseur_44_1_khz PASSED                   [ 40%]
tests/test_flux.py::test_convertisseur_entiers_32_et_8_bits PASSED       [ 40%]
tests/test_frise_prereglages_interface.py::test_frise_place_les_blocs_et_les_mots PASSED [ 40%]
tests/test_frise_prereglages_interface.py::test_frise_clic_double_clic_et_survol PASSED [ 41%]
tests/test_frise_prereglages_interface.py::test_glisser_le_bord_commun_de_mot_en_mot PASSED [ 41%]
tests/test_frise_prereglages_interface.py::test_glisser_a_la_souris PASSED [ 41%]
tests/test_frise_prereglages_interface.py::test_zoom_et_defilement PASSED [ 41%]
tests/test_frise_prereglages_interface.py::test_molette_sans_zoom_laisse_la_page_defiler PASSED [ 41%]
tests/test_frise_prereglages_interface.py::test_frise_du_studio PASSED   [ 41%]
tests/test_frise_prereglages_interface.py::test_bord_glisse_dans_le_studio PASSED [ 41%]
tests/test_frise_prereglages_interface.py::test_corriger_les_mots_depuis_la_frise PASSED [ 41%]
tests/test_frise_prereglages_interface.py::test_liste_des_prereglages_et_modifie PASSED [ 41%]
tests/test_frise_prereglages_interface.py::test_enregistrer_et_mettre_a_jour_un_prereglage PASSED [ 42%]
tests/test_frise_prereglages_interface.py::test_nouveau_projet_avec_le_prereglage_par_defaut PASSED [ 42%]
tests/test_frise_prereglages_interface.py::test_fenetre_des_prereglages PASSED [ 42%]
tests/test_frise_prereglages_interface.py::test_fenetre_sans_projet_et_police_absente PASSED [ 42%]
tests/test_generation.py::test_prise_complete PASSED                     [ 42%]
tests/test_generation.py::test_script_long_genere_en_plusieurs_fois PASSED [ 42%]
tests/test_generation.py::test_repliques_envoyees_ensemble_chacune_avec_son_style PASSED [ 42%]
tests/test_generation.py::test_prononciation_appliquee_seulement_au_texte_envoye PASSED [ 42%]
tests/test_google.py::test_liste_des_modeles_sur_plusieurs_pages PASSED  [ 42%]
tests/test_google.py::test_cle_envoyee_dans_l_entete_jamais_dans_l_adresse PASSED [ 43%]
tests/test_google.py::test_test_de_cle_reussi PASSED                     [ 43%]
tests/test_google.py::test_erreurs_traduites[400-corps0-cle_invalide-pas valide] PASSED [ 43%]
tests/test_google.py::test_erreurs_traduites[403-corps1-acces_refuse-acc\xe8s] PASSED [ 43%]
tests/test_google.py::test_erreurs_traduites[429-corps2-quota-Limite] PASSED [ 43%]
tests/test_google.py::test_erreurs_traduites[503-corps3-serveur-temporaire] PASSED [ 43%]
tests/test_google.py::test_erreurs_traduites[400-corps4-requete-Bad field] PASSED [ 43%]
tests/test_google.py::test_serveur_injoignable PASSED                    [ 43%]
tests/test_google.py::test_requete_de_voix PASSED                        [ 43%]
tests/test_google.py::test_sans_style_pas_d_annotation PASSED            [ 44%]
tests/test_google.py::test_audio_brut_enveloppe_en_wav PASSED            [ 44%]
tests/test_google.py::test_tokens_de_reflexion_comptes_en_sortie PASSED  [ 44%]
tests/test_google.py::test_generation_en_echec PASSED                    [ 44%]
tests/test_google.py::test_nouvel_essai_si_google_surcharge PASSED       [ 44%]
tests/test_google.py::test_requete_de_texte PASSED                       [ 44%]
tests/test_google.py::test_texte_des_dernieres_etapes_seulement PASSED   [ 44%]
tests/test_google.py::test_reponse_structuree_et_lecture_de_page PASSED  [ 44%]
tests/test_google.py::test_statuts_des_pages_lues PASSED                 [ 44%]
tests/test_google.py::test_requete_de_texte_sans_option_inchangee PASSED [ 45%]
tests/test_google.py::test_traduction_d_un_style PASSED                  [ 45%]
tests/test_google.py::test_liste_des_voix_sur_plusieurs_pages PASSED     [ 45%]
tests/test_google.py::test_liste_des_voix_creees PASSED                  [ 45%]
tests/test_google.py::test_obtenir_une_voix_avec_son_extrait PASSED      [ 45%]
tests/test_google.py::test_creer_une_voix PASSED                         [ 45%]
tests/test_google.py::test_trop_de_voix_creees PASSED                    [ 45%]
tests/test_google.py::test_supprimer_une_voix PASSED                     [ 45%]
tests/test_import_srt.py::test_lire_un_fichier_srt PASSED                [ 45%]
tests/test_import_srt.py::test_lecture_tolerante PASSED                  [ 45%]
tests/test_import_srt.py::test_sous_titres_dans_le_desordre_ou_qui_se_chevauchent PASSED [ 46%]
tests/test_import_srt.py::test_encodages PASSED                          [ 46%]
tests/test_import_srt.py::test_moment_de_chaque_mot_selon_sa_longueur PASSED [ 46%]
tests/test_import_srt.py::test_transcription_depuis_un_fichier PASSED    [ 46%]
tests/test_import_srt.py::test_fichier_sans_sous_titre PASSED            [ 46%]
tests/test_journal.py::test_cle_google_masquee PASSED                    [ 46%]
tests/test_journal.py::test_parametre_key_dans_une_adresse PASSED        [ 46%]
tests/test_journal.py::test_entetes_http PASSED                          [ 46%]
tests/test_journal.py::test_secret_declare_masque_partout PASSED         [ 46%]
tests/test_journal.py::test_texte_ordinaire_intact PASSED                [ 47%]
tests/test_journal.py::test_trace_erreur_masquee PASSED                  [ 47%]
tests/test_journal.py::test_fichier_journal PASSED                       [ 47%]
tests/test_listes.py::test_la_liste_s_ouvre_8_px_sous_le_champ_avec_le_choix_actuel PASSED [ 47%]
tests/test_listes.py::test_choix_actuel_en_mauve_et_choix_survole_en_gris PASSED [ 47%]
tests/test_listes.py::test_texte_trop_long_abrege_dans_le_champ PASSED   [ 47%]
tests/test_listes.py::test_separations_en_fine_ligne PASSED              [ 47%]
tests/test_modeles_charges.py::test_modeles_charges_au_depart PASSED     [ 47%]
tests/test_modeles_charges.py::test_gemini_pro_propose_une_seule_fois_aux_fichiers_de_la_v1_1 PASSED [ 47%]
tests/test_modeles_charges.py::test_modele_du_module_script PASSED       [ 48%]
tests/test_modeles_charges.py::test_utilise_dans PASSED                  [ 48%]
tests/test_modeles_charges.py::test_un_modele_utilise_reste_charge PASSED [ 48%]
tests/test_modeles_charges.py::test_un_projet_recharge_son_modele PASSED [ 48%]
tests/test_modeles_charges.py::test_choix_garde PASSED                   [ 48%]
tests/test_modeles_listes.py::test_seuls_les_modeles_charges_sont_proposes PASSED [ 48%]
tests/test_modeles_listes.py::test_le_modele_du_projet_est_utilise_dans_voix PASSED [ 48%]
tests/test_modeles_listes.py::test_projet_avec_un_modele_non_charge PASSED [ 48%]
tests/test_montants.py::test_quatre_decimales[0-attendu0] PASSED         [ 48%]
tests/test_montants.py::test_quatre_decimales[0.0071-attendu1] PASSED    [ 49%]
tests/test_montants.py::test_quatre_decimales[0.007-attendu2] PASSED     [ 49%]
tests/test_montants.py::test_quatre_decimales[0.0123-attendu3] PASSED    [ 49%]
tests/test_montants.py::test_quatre_decimales[1.23456-attendu4] PASSED   [ 49%]
tests/test_montants.py::test_quatre_decimales[valeur5-attendu5] PASSED   [ 49%]
tests/test_montants.py::test_quatre_decimales[12.5-attendu6] PASSED      [ 49%]
tests/test_montants.py::test_quatre_decimales[0.09999-attendu7] PASSED   [ 49%]
tests/test_montants.py::test_quatre_decimales[valeur8-attendu8] PASSED   [ 49%]
tests/test_montants.py::test_quatre_decimales[1234.5678-attendu9] PASSED [ 49%]
tests/test_montants.py::test_petit_montant_non_nul_jamais_affiche_zero PASSED [ 50%]
tests/test_montants.py::test_montant_infime_reste_a_zero PASSED          [ 50%]
tests/test_montants.py::test_pas_de_zero_negatif PASSED                  [ 50%]
tests/test_montants.py::test_texte_complet PASSED                        [ 50%]
tests/test_montants.py::test_montant_invalide[nan] PASSED                [ 50%]
tests/test_montants.py::test_montant_invalide[inf] PASSED                [ 50%]
tests/test_montants.py::test_montant_invalide[abc] PASSED                [ 50%]
tests/test_montants.py::test_decimal_exact PASSED                        [ 50%]
tests/test_mots.py::test_un_etat_vaut_comme_le_texte_au_depart PASSED    [ 50%]
tests/test_mots.py::test_etat_complet_ecrit_puis_relu PASSED             [ 50%]
tests/test_mots.py::test_lecture_tolerante_des_mots PASSED               [ 51%]
tests/test_mots.py::test_projet_sans_mots_garde_son_apparence PASSED     [ 51%]
tests/test_mots.py::test_raccourcis PASSED                               [ 51%]
tests/test_mots.py::test_mots_du_script_avec_leurs_accents PASSED        [ 51%]
tests/test_mots.py::test_marquer_les_accentues_dans_les_mots_d_une_prise PASSED [ 51%]
tests/test_mots.py::test_l_accent_suit_le_mot_affiche PASSED             [ 51%]
tests/test_mots.py::test_l_accent_n_est_pas_enregistre PASSED            [ 51%]
tests/test_mots.py::test_la_boite_compte_l_agrandissement_des_mots PASSED [ 51%]
tests/test_mots_interface.py::test_mot_actif_au_fil_du_temps PASSED      [ 51%]
tests/test_mots_interface.py::test_etats_des_mots PASSED                 [ 52%]
tests/test_mots_interface.py::test_surlignage_colore_le_mot_actif PASSED [ 52%]
tests/test_mots_interface.py::test_apparition_et_opacite PASSED          [ 52%]
tests/test_mots_interface.py::test_agrandissement_compte_dans_la_place PASSED [ 52%]
tests/test_mots_interface.py::test_fond_du_mot_actif_qui_glisse PASSED   [ 52%]
tests/test_mots_interface.py::test_apercu_a_100_pour_cent_identique_a_l_export_avec_les_mots PASSED [ 52%]
tests/test_mots_interface.py::test_onglet_mots_raccourcis_et_comme_le_texte PASSED [ 52%]
tests/test_mots_interface.py::test_onglet_mots_accentues PASSED          [ 52%]
tests/test_mots_interface.py::test_studio_avec_l_onglet_mots PASSED      [ 52%]
tests/test_mots_interface.py::test_onglet_mots_par_rapport_au_prereglage PASSED [ 53%]
tests/test_nombres.py::test_en_lettres[21-vingt et un-vingt et un-vingt et un] PASSED [ 53%]
tests/test_nombres.py::test_en_lettres[70-soixante-dix-septante-septante] PASSED [ 53%]
tests/test_nombres.py::test_en_lettres[71-soixante et onze-septante et un-septante et un] PASSED [ 53%]
tests/test_nombres.py::test_en_lettres[77-soixante-dix-sept-septante-sept-septante-sept] PASSED [ 53%]
tests/test_nombres.py::test_en_lettres[80-quatre-vingts-quatre-vingts-huitante] PASSED [ 53%]
tests/test_nombres.py::test_en_lettres[81-quatre-vingt-un-quatre-vingt-un-huitante et un] PASSED [ 53%]
tests/test_nombres.py::test_en_lettres[90-quatre-vingt-dix-nonante-nonante] PASSED [ 53%]
tests/test_nombres.py::test_en_lettres[91-quatre-vingt-onze-nonante et un-nonante et un] PASSED [ 53%]
tests/test_nombres.py::test_en_lettres[99-quatre-vingt-dix-neuf-nonante-neuf-nonante-neuf] PASSED [ 54%]
tests/test_nombres.py::test_en_lettres[200-deux cents-deux cents-deux cents] PASSED [ 54%]
tests/test_nombres.py::test_en_lettres[280-deux cent quatre-vingts-deux cent quatre-vingts-deux cent huitante] PASSED [ 54%]
tests/test_nombres.py::test_en_lettres[1290-mille deux cent quatre-vingt-dix-mille deux cent nonante-mille deux cent nonante] PASSED [ 54%]
tests/test_nombres.py::test_en_lettres[80000-quatre-vingt mille-quatre-vingt mille-huitante mille] PASSED [ 54%]
tests/test_nombres.py::test_en_lettres[2000000-deux millions-deux millions-deux millions] PASSED [ 54%]
tests/test_nombres.py::test_seuls_les_nombres_qui_se_lisent_autrement_changent PASSED [ 54%]
tests/test_nombres.py::test_texte_envoye_a_la_voix PASSED                [ 54%]
tests/test_nombres.py::test_balises_jamais_modifiees PASSED              [ 54%]
tests/test_nombres.py::test_variante_proposee_d_apres_la_langue_du_script PASSED [ 54%]
tests/test_nombres.py::test_dans_le_texte_envoye_au_tts_seulement PASSED [ 55%]
tests/test_nombres.py::test_reglage_du_projet PASSED                     [ 55%]
tests/test_onglets.py::test_premier_onglet_actif_au_depart PASSED        [ 55%]
tests/test_onglets.py::test_un_clic_change_d_onglet PASSED               [ 55%]
tests/test_onglets.py::test_changer_d_onglet_par_le_code PASSED          [ 55%]
tests/test_onglets.py::test_l_onglet_actif_a_l_allure_selectionnee PASSED [ 55%]
tests/test_onglets.py::test_ligne_puis_espace_puis_boutons PASSED        [ 55%]
tests/test_place_en_trop.py::test_un_bloc_etire_garde_son_contenu_en_haut PASSED [ 55%]
tests/test_place_en_trop.py::test_la_verification_voit_le_vide_d_une_disposition_ordinaire PASSED [ 55%]
tests/test_place_en_trop.py::test_un_element_qui_remplit_prend_la_place_qui_reste PASSED [ 56%]
tests/test_place_en_trop.py::test_un_element_qui_remplit_s_arrete_a_sa_hauteur_maximale PASSED [ 56%]
tests/test_place_en_trop.py::test_apparence_etiree_a_la_hauteur_de_l_apercu PASSED [ 56%]
tests/test_place_en_trop.py::test_studio_en_grande_fenetre PASSED        [ 56%]
tests/test_place_en_trop.py::test_chaque_page_garde_la_place_en_trop_en_bas PASSED [ 56%]
tests/test_place_en_trop.py::test_fenetres_et_cartes PASSED              [ 56%]
tests/test_place_en_trop.py::test_un_champ_qui_passe_a_la_ligne_a_la_hauteur_de_son_contenu PASSED [ 56%]
tests/test_place_en_trop.py::test_la_fenetre_nouveau_projet_grandit_avec_son_chemin PASSED [ 56%]
tests/test_prereglages.py::test_les_sept_styles_fournis PASSED           [ 56%]
tests/test_prereglages.py::test_appliquer_garde_l_ecran_et_retient_l_origine PASSED [ 57%]
tests/test_prereglages.py::test_bibliotheque_au_premier_lancement_et_relue PASSED [ 57%]
tests/test_prereglages.py::test_ajouter_renommer_dupliquer_supprimer PASSED [ 57%]
tests/test_prereglages.py::test_mettre_a_jour_puis_retablir_les_fournis PASSED [ 57%]
tests/test_prereglages.py::test_exporter_puis_importer PASSED            [ 57%]
tests/test_prereglages.py::test_un_fichier_illisible_est_refuse_sans_etre_touche PASSED [ 57%]
tests/test_prereglages.py::test_un_style_ecrit_a_la_main_est_lu_avec_ses_limites PASSED [ 57%]
tests/test_prereglages.py::test_style_des_nouveaux_projets PASSED        [ 57%]
tests/test_prereglages.py::test_par_defaut_ajoute_aux_bibliotheques_d_avant PASSED [ 57%]
tests/test_prereglages.py::test_reference_des_retablir PASSED            [ 58%]
tests/test_prix_couts.py::test_prix_par_defaut PASSED                    [ 58%]
tests/test_prix_couts.py::test_calcul_du_cout PASSED                     [ 58%]
tests/test_prix_couts.py::test_le_prix_du_jour_de_l_appel_est_applique PASSED [ 58%]
tests/test_prix_couts.py::test_prix_inconnu PASSED                       [ 58%]
tests/test_prix_couts.py::test_prix_modifie_puis_retabli PASSED          [ 58%]
tests/test_prix_couts.py::test_changement_google_posterieur_l_emporte_sur_le_prix_saisi PASSED [ 58%]
tests/test_prix_couts.py::test_prix_identique_au_catalogue_non_retenu PASSED [ 58%]
tests/test_prix_couts.py::test_prix_saisi_identique_au_nouveau_tarif_n_est_pas_personnalise PASSED [ 58%]
tests/test_prix_couts.py::test_modeles_listes PASSED                     [ 59%]
tests/test_prix_couts.py::test_cout_d_une_minute PASSED                  [ 59%]
tests/test_prix_couts.py::test_lire_decimal PASSED                       [ 59%]
tests/test_prix_couts.py::test_taux_bce PASSED                           [ 59%]
tests/test_prix_couts.py::test_journal_des_couts PASSED                  [ 59%]
tests/test_prix_couts.py::test_appel_sans_prix_compte_a_part PASSED      [ 59%]
tests/test_prix_couts.py::test_appel_enregistre_au_prix_de_son_jour PASSED [ 59%]
tests/test_prix_couts.py::test_filtres_et_totaux PASSED                  [ 59%]
tests/test_prix_couts.py::test_ligne_abimee_ignoree PASSED               [ 59%]
tests/test_projets.py::test_nom_de_dossier_valide_sous_windows PASSED    [ 59%]
tests/test_projets.py::test_creer_puis_rouvrir PASSED                    [ 60%]
tests/test_projets.py::test_projet_de_l_etape_3_converti PASSED          [ 60%]
tests/test_projets.py::test_noms_de_variantes_de_la_v1_0_0_sans_tiret PASSED [ 60%]
tests/test_projets.py::test_module_script_enregistre_dans_le_projet PASSED [ 60%]
tests/test_projets.py::test_scripts_de_la_1_2_0_numerotes_a_l_ouverture PASSED [ 60%]
tests/test_projets.py::test_projet_de_la_v1_1_sans_script PASSED         [ 60%]
tests/test_projets.py::test_dernieres_modifications_d_un_projet_qu_on_quitte PASSED [ 60%]
tests/test_projets.py::test_changer_la_langue_du_projet PASSED           [ 60%]
tests/test_projets.py::test_reglages_des_sous_titres_enregistres PASSED  [ 60%]
tests/test_projets.py::test_nouveau_projet_avec_une_replique_vide PASSED [ 61%]
tests/test_projets.py::test_deux_projets_du_meme_nom PASSED              [ 61%]
tests/test_projets.py::test_nom_vide_refuse PASSED                       [ 61%]
tests/test_projets.py::test_dossier_sans_projet PASSED                   [ 61%]
tests/test_projets.py::test_prises PASSED                                [ 61%]
tests/test_projets.py::test_projets_recents PASSED                       [ 61%]
tests/test_projets.py::test_notification_du_projet_ouvert PASSED         [ 61%]
tests/test_reglages.py::test_quatre_onglets PASSED                       [ 61%]
tests/test_reglages.py::test_ajout_de_cle_testee_puis_enregistree PASSED [ 61%]
tests/test_reglages.py::test_cle_refusee_non_enregistree PASSED          [ 62%]
tests/test_reglages.py::test_hors_ligne_enregistrer_sans_tester PASSED   [ 62%]
tests/test_reglages.py::test_cle_vide PASSED                             [ 62%]
tests/test_reglages.py::test_liste_des_connexions PASSED                 [ 62%]
tests/test_reglages.py::test_prix_modifie_depuis_l_onglet PASSED         [ 62%]
tests/test_reglages.py::test_tarifs_google_dans_l_onglet PASSED          [ 62%]
tests/test_reglages.py::test_prix_personnalise_signale_puis_retabli PASSED [ 62%]
tests/test_reglages.py::test_seuls_les_modeles_charges_sont_listes PASSED [ 62%]
tests/test_reglages.py::test_colonne_utilise_dans PASSED                 [ 62%]
tests/test_reglages.py::test_nom_du_modele_sur_une_seule_ligne PASSED    [ 63%]
tests/test_reglages.py::test_fenetre_choisir_les_modeles PASSED          [ 63%]
tests/test_reglages.py::test_sans_cle_la_fenetre_renvoie_vers_connexions PASSED [ 63%]
tests/test_reglages.py::test_le_cout_d_une_minute_suit_le_taux PASSED    [ 63%]
tests/test_reglages.py::test_taux_saisi PASSED                           [ 63%]
tests/test_reglages.py::test_suivi_des_couts PASSED                      [ 63%]
tests/test_regles_design.py::test_aucune_couleur_ni_taille_en_dur PASSED [ 63%]
tests/test_regles_design.py::test_elements_crees_avec_les_fonctions_de_l_app PASSED [ 63%]
tests/test_regles_design.py::test_la_bulle_de_l_app_partout PASSED       [ 63%]
tests/test_regles_design.py::test_fenetres_comme_des_pages PASSED        [ 63%]
tests/test_regles_design.py::test_textes_des_cases_a_cocher_courts PASSED [ 64%]
tests/test_regles_design.py::test_aucun_tiret_long_dans_les_textes_de_l_interface PASSED [ 64%]
tests/test_regles_design.py::test_les_phrases_d_aide_sont_des_infos PASSED [ 64%]
tests/test_regles_design.py::test_phrases_d_aide_ecrites_seulement_si_indispensables PASSED [ 64%]
tests/test_regles_design.py::test_chaque_bloc_garde_la_place_en_trop_en_bas PASSED [ 64%]
tests/test_repliques.py::test_repliques_du_projet_affichees_et_enregistrees PASSED [ 64%]
tests/test_repliques.py::test_ajouter_une_replique_et_y_inserer_une_balise PASSED [ 64%]
tests/test_repliques.py::test_balises_en_francais_avec_le_vrai_nom_au_survol PASSED [ 64%]
tests/test_repliques.py::test_decouper_une_replique_au_curseur PASSED    [ 64%]
tests/test_repliques.py::test_deplacer_et_supprimer PASSED               [ 65%]
tests/test_repliques.py::test_generer_avec_deux_repliques PASSED         [ 65%]
tests/test_repliques.py::test_style_en_francais_signale PASSED           [ 65%]
tests/test_repliques.py::test_son_ponctuel_insere_en_balise PASSED       [ 65%]
tests/test_repliques.py::test_traduire_un_style_en_anglais PASSED        [ 65%]
tests/test_repliques.py::test_assistant_de_style PASSED                  [ 65%]
tests/test_repliques.py::test_appliquer_un_style_de_la_bibliotheque PASSED [ 65%]
tests/test_repliques.py::test_creer_un_style PASSED                      [ 65%]
tests/test_repliques.py::test_dictionnaire_de_prononciation PASSED       [ 65%]
tests/test_repliques.py::test_tester_une_prononciation PASSED            [ 66%]
tests/test_repliques.py::test_estimation_compte_toutes_les_repliques PASSED [ 66%]
tests/test_repliques.py::test_editeur_de_replique_grandit_avec_son_texte PASSED [ 66%]
tests/test_script.py::test_liste_des_balises_du_cahier_des_charges PASSED [ 66%]
tests/test_script.py::test_texte_colle_avec_balises PASSED               [ 66%]
tests/test_script.py::test_texte_pour_l_api_et_pour_les_sous_titres PASSED [ 66%]
tests/test_script.py::test_normaliser_fusionne_et_nettoie PASSED         [ 66%]
tests/test_script.py::test_script_vide PASSED                            [ 66%]
tests/test_script.py::test_couper_une_replique_au_curseur PASSED         [ 66%]
tests/test_script.py::test_joindre_les_repliques PASSED                  [ 67%]
tests/test_script_interface.py::test_sans_projet_puis_avec PASSED        [ 67%]
tests/test_script_interface.py::test_brief_modifie_et_enregistre PASSED  [ 67%]
tests/test_script_interface.py::test_genre_d_apres_la_voix_du_projet PASSED [ 67%]
tests/test_script_interface.py::test_options_retenues_pour_le_prochain_projet PASSED [ 67%]
tests/test_script_interface.py::test_langue_du_projet_proposee PASSED    [ 67%]
tests/test_script_interface.py::test_lecture_d_une_boutique_shopify_sans_cle PASSED [ 67%]
tests/test_script_interface.py::test_accroches_puis_deux_scripts_puis_envoi_dans_voix PASSED [ 67%]
tests/test_script_interface.py::test_texte_modifie_a_la_main_puis_reverifie PASSED [ 67%]
tests/test_script_interface.py::test_avertissement_genre_dans_voix PASSED [ 68%]
tests/test_script_interface.py::test_noms_proposes_au_dictionnaire PASSED [ 68%]
tests/test_script_interface.py::test_section_repliable PASSED            [ 68%]
tests/test_script_lot2_interface.py::test_fenetre_des_variantes_de_script PASSED [ 68%]
tests/test_script_lot2_interface.py::test_variantes_memes_reglages PASSED [ 68%]
tests/test_script_lot2_interface.py::test_variantes_accroches_seulement_puis_voix PASSED [ 68%]
tests/test_script_lot2_interface.py::test_variantes_par_reglages PASSED  [ 68%]
tests/test_script_lot2_interface.py::test_retouche_copie_note_et_retenir PASSED [ 68%]
tests/test_script_lot2_interface.py::test_comparer_les_scripts PASSED    [ 68%]
tests/test_script_lot2_interface.py::test_enregistrer_puis_charger_un_brief PASSED [ 68%]
tests/test_script_lot2_interface.py::test_mes_meilleurs_scripts PASSED   [ 69%]
tests/test_script_lot2_interface.py::test_vitesse_mesuree_dans_le_brief_et_les_cartes PASSED [ 69%]
tests/test_script_lot2_interface.py::test_nombres_dits_dans_le_module_voix PASSED [ 69%]
tests/test_sources.py::test_choix_lu_avec_tolerance PASSED               [ 69%]
tests/test_sources.py::test_a_une_video PASSED                           [ 69%]
tests/test_sources.py::test_mots_selon_le_choix_sans_rien_perdre PASSED  [ 69%]
tests/test_sources.py::test_video_de_l_apercu PASSED                     [ 69%]
tests/test_sources.py::test_la_voix_commence_a PASSED                    [ 69%]
tests/test_sources.py::test_piste_son_des_mots PASSED                    [ 69%]
tests/test_sources.py::test_retouches PASSED                             [ 70%]
tests/test_sources.py::test_projet_d_une_prise_d_avant_la_3_1 PASSED     [ 70%]
tests/test_sources.py::test_projet_d_une_video_d_avant_la_3_1 PASSED     [ 70%]
tests/test_sources.py::test_mots_corriges_enregistres PASSED             [ 70%]
tests/test_sources.py::test_piste_son_liberee_avant_un_nouvel_import PASSED [ 70%]
tests/test_sous_titres.py::test_typographie_francaise PASSED             [ 70%]
tests/test_sous_titres.py::test_typographie_des_autres_langues PASSED    [ 70%]
tests/test_sous_titres.py::test_ponctuation_masquee_et_majuscules PASSED [ 70%]
tests/test_sous_titres.py::test_mots_a_afficher PASSED                   [ 70%]
tests/test_sous_titres.py::test_limites_toujours_respectees[24-5-2] PASSED [ 71%]
tests/test_sous_titres.py::test_limites_toujours_respectees[16-3-1] PASSED [ 71%]
tests/test_sous_titres.py::test_limites_toujours_respectees[40-8-2] PASSED [ 71%]
tests/test_sous_titres.py::test_limites_toujours_respectees[10-2-1] PASSED [ 71%]
tests/test_sous_titres.py::test_fin_de_phrase_termine_le_sous_titre PASSED [ 71%]
tests/test_sous_titres.py::test_coupe_de_preference_apres_une_virgule PASSED [ 71%]
tests/test_sous_titres.py::test_sous_titres_equilibres PASSED            [ 71%]
tests/test_sous_titres.py::test_changement_de_personne_et_long_silence PASSED [ 71%]
tests/test_sous_titres.py::test_deux_lignes_dans_la_zone_de_securite PASSED [ 71%]
tests/test_sous_titres.py::test_debordement_dans_la_marge_avant_de_redecouper PASSED [ 72%]
tests/test_sous_titres.py::test_redecoupage_quand_la_marge_ne_suffit_pas PASSED [ 72%]
tests/test_sous_titres.py::test_mot_seul_trop_large_rapetisse_et_signale PASSED [ 72%]
tests/test_sous_titres.py::test_duree_minimale_et_petits_trous_combles PASSED [ 72%]
tests/test_sous_titres.py::test_ecran_selon_format_et_plateforme PASSED  [ 72%]
tests/test_sous_titres.py::test_resolution_d_une_video_tournee PASSED    [ 72%]
tests/test_sous_titres.py::test_reglages_relus_et_ramenes_dans_les_limites PASSED [ 72%]
tests/test_sous_titres.py::test_temps_srt PASSED                         [ 72%]
tests/test_sous_titres.py::test_fichier_srt PASSED                       [ 72%]
tests/test_sous_titres.py::test_sous_titres_sur_le_temps_de_la_video PASSED [ 72%]
tests/test_sous_titres_interface.py::test_page_sans_puis_avec_projet PASSED [ 73%]
tests/test_sous_titres_interface.py::test_sous_titres_d_une_transcription PASSED [ 73%]
tests/test_sous_titres_interface.py::test_reglages_recalculent_et_sont_enregistres PASSED [ 73%]
tests/test_sous_titres_interface.py::test_mot_trop_large_signale_en_orange PASSED [ 73%]
tests/test_sous_titres_interface.py::test_creer_les_sous_titres_d_une_prise PASSED [ 73%]
tests/test_sous_titres_interface.py::test_une_prise_ne_remplace_plus_la_transcription PASSED [ 73%]
tests/test_sous_titres_interface.py::test_nouvel_import_apres_confirmation_si_retouches PASSED [ 73%]
tests/test_sous_titres_interface.py::test_erreur_de_transcription_de_la_prise PASSED [ 73%]
tests/test_sous_titres_interface.py::test_export_srt PASSED              [ 73%]
tests/test_sous_titres_interface.py::test_clic_sur_un_sous_titre PASSED  [ 74%]
tests/test_sous_titres_interface.py::test_actions_selon_le_sous_titre_choisi PASSED [ 74%]
tests/test_sous_titres_interface.py::test_action_refusee_avec_la_raison PASSED [ 74%]
tests/test_sous_titres_interface.py::test_couper_monter_retablir PASSED  [ 74%]
tests/test_sous_titres_interface.py::test_reglage_qui_defait_un_ajustement_demande_d_abord PASSED [ 74%]
tests/test_sous_titres_interface.py::test_mots_corriges_dans_transcription_defont_un_ajustement PASSED [ 74%]
tests/test_sous_titres_reorganisation.py::test_decoupage_de_depart PASSED [ 74%]
tests/test_sous_titres_reorganisation.py::test_couper_puis_monter_le_premier_mot PASSED [ 74%]
tests/test_sous_titres_reorganisation.py::test_descendre_le_dernier_mot PASSED [ 74%]
tests/test_sous_titres_reorganisation.py::test_monter_le_seul_mot_d_un_sous_titre_le_fait_disparaitre PASSED [ 75%]
tests/test_sous_titres_reorganisation.py::test_le_temps_des_mots_ne_change_jamais PASSED [ 75%]
tests/test_sous_titres_reorganisation.py::test_action_refusee_avec_la_raison_et_le_reglage PASSED [ 75%]
tests/test_sous_titres_reorganisation.py::test_le_reglage_change_rend_l_action_possible PASSED [ 75%]
tests/test_sous_titres_reorganisation.py::test_memes_regles_que_le_decoupage_automatique[mots0-options0-attendu0] PASSED [ 75%]
tests/test_sous_titres_reorganisation.py::test_memes_regles_que_le_decoupage_automatique[mots1-options1-attendu1] PASSED [ 75%]
tests/test_sous_titres_reorganisation.py::test_memes_regles_que_le_decoupage_automatique[mots2-options2-attendu2] PASSED [ 75%]
tests/test_sous_titres_reorganisation.py::test_memes_regles_que_le_decoupage_automatique[mots3-options3-attendu3] PASSED [ 75%]
tests/test_sous_titres_reorganisation.py::test_memes_regles_que_le_decoupage_automatique[mots4-options4-attendu4] PASSED [ 75%]
tests/test_sous_titres_reorganisation.py::test_textes_des_raisons PASSED [ 76%]
tests/test_sous_titres_reorganisation.py::test_silence_juste_au_dessus_de_la_limite_jamais_affiche_0_8 PASSED [ 76%]
tests/test_sous_titres_reorganisation.py::test_un_reglage_redecoupe_le_reste_autour_des_ajustements PASSED [ 76%]
tests/test_sous_titres_reorganisation.py::test_reglage_qui_defait_un_ajustement PASSED [ 76%]
tests/test_sous_titres_reorganisation.py::test_texte_de_la_question_avant_un_reglage PASSED [ 76%]
tests/test_sous_titres_reorganisation.py::test_texte_quand_des_mots_corriges_defont_un_ajustement PASSED [ 76%]
tests/test_sous_titres_reorganisation.py::test_mots_fusionnes_dans_un_ajustement PASSED [ 76%]
tests/test_sous_titres_reorganisation.py::test_mot_coupe_dans_un_ajustement PASSED [ 76%]
tests/test_sous_titres_reorganisation.py::test_mot_supprime_dans_un_ajustement PASSED [ 76%]
tests/test_sous_titres_reorganisation.py::test_mot_corrige_trop_long_defait_l_ajustement PASSED [ 77%]
tests/test_sous_titres_reorganisation.py::test_hesitations_affichees_ou_masquees PASSED [ 77%]
tests/test_sous_titres_reorganisation.py::test_mots_au_meme_moment_impossibles_a_separer PASSED [ 77%]
tests/test_sous_titres_reorganisation.py::test_mots_qui_se_chevauchent_un_peu PASSED [ 77%]
tests/test_sous_titres_reorganisation.py::test_retablir PASSED           [ 77%]
tests/test_sous_titres_reorganisation.py::test_actions_impossibles_aux_bords PASSED [ 77%]
tests/test_sous_titres_reorganisation.py::test_srt_reprend_la_liste_affichee PASSED [ 77%]
tests/test_sous_titres_reorganisation.py::test_ajustements_enregistres_avec_la_transcription PASSED [ 77%]
tests/test_sous_titres_reorganisation.py::test_deplacer_la_limite_entre_deux_sous_titres PASSED [ 77%]
tests/test_sous_titres_reorganisation.py::test_deplacer_la_limite_respecte_les_regles PASSED [ 77%]
tests/test_stockage.py::test_aller_retour_avec_accents PASSED            [ 78%]
tests/test_stockage.py::test_fichier_absent PASSED                       [ 78%]
tests/test_stockage.py::test_fichier_illisible_mis_de_cote PASSED        [ 78%]
tests/test_stockage.py::test_pas_de_fichier_temporaire_restant PASSED    [ 78%]
tests/test_stockage.py::test_preferences PASSED                          [ 78%]
tests/test_studio_sous_titres.py::test_mesure_identique_a_celle_de_la_v1 PASSED [ 78%]
tests/test_studio_sous_titres.py::test_decoupage_d_un_projet_de_la_v1_inchange PASSED [ 78%]
tests/test_studio_sous_titres.py::test_image_transparente_a_la_taille_de_la_video PASSED [ 78%]
tests/test_studio_sous_titres.py::test_rendu_garde_en_memoire_et_place_au_pixel_pres PASSED [ 78%]
tests/test_studio_sous_titres.py::test_sans_ombre_ni_texte_hors_du_bloc PASSED [ 79%]
tests/test_studio_sous_titres.py::test_apercu_a_100_pour_cent_identique_a_l_export PASSED [ 79%]
tests/test_studio_sous_titres.py::test_studio_avec_ses_onglets PASSED    [ 79%]
tests/test_studio_sous_titres.py::test_onglets_a_la_hauteur_de_l_onglet_affiche PASSED [ 79%]
tests/test_studio_sous_titres.py::test_messages_d_etat_caches_quand_ils_sont_vides PASSED [ 79%]
tests/test_studio_sous_titres.py::test_format_suivi_de_la_video PASSED   [ 79%]
tests/test_studio_sous_titres.py::test_format_personnalise_sans_video PASSED [ 79%]
tests/test_studio_sous_titres.py::test_position_ne_change_que_l_apercu PASSED [ 79%]
tests/test_studio_sous_titres.py::test_alignement_refait_le_decoupage PASSED [ 79%]
tests/test_studio_sous_titres.py::test_glisser_le_sous_titre_dans_l_apercu PASSED [ 80%]
tests/test_studio_sous_titres.py::test_video_introuvable_et_retrouvee PASSED [ 80%]
tests/test_studio_sous_titres.py::test_video_importee_dans_la_zone_source PASSED [ 80%]
tests/test_studio_sous_titres.py::test_fond_zoom_et_reperes_retenus PASSED [ 80%]
tests/test_studio_sous_titres.py::test_studio_sur_une_colonne_quand_la_fenetre_est_etroite PASSED [ 80%]
tests/test_studio_sous_titres.py::test_projet_au_format_6_garde_ses_sous_titres PASSED [ 80%]
tests/test_studio_sous_titres.py::test_lecteur_sans_son_place_le_temps PASSED [ 80%]
tests/test_studio_sous_titres.py::test_video_de_test_ecrite PASSED       [ 80%]
tests/test_style_sous_titres.py::test_couleur_lue_et_ecrite PASSED       [ 80%]
tests/test_style_sous_titres.py::test_lecture_tolerante_d_un_element_du_style PASSED [ 81%]
tests/test_style_sous_titres.py::test_forme_ecrite_du_style PASSED       [ 81%]
tests/test_style_sous_titres.py::test_format_7_ecrit_en_quatre_parties PASSED [ 81%]
tests/test_style_sous_titres.py::test_projet_de_la_v1_garde_son_decoupage_et_prend_l_apparence_de_la_v1 PASSED [ 81%]
tests/test_style_sous_titres.py::test_projet_au_format_6_s_ouvre_et_s_enregistre_au_format_actuel PASSED [ 81%]
tests/test_style_sous_titres.py::test_format_personnalise_pair_et_dans_les_limites PASSED [ 81%]
tests/test_style_sous_titres.py::test_video_d_apercu PASSED              [ 81%]
tests/test_style_sous_titres.py::test_largeur_utile_centree_comme_en_v1 PASSED [ 81%]
tests/test_style_sous_titres.py::test_largeur_utile_a_gauche_et_a_droite PASSED [ 81%]
tests/test_style_sous_titres.py::test_largeur_maximale_des_lignes PASSED [ 81%]
tests/test_style_sous_titres.py::test_mots_par_ligne_meme_avec_une_espace_dans_un_mot PASSED [ 82%]
tests/test_style_sous_titres.py::test_bloc_centre_en_bas_de_la_zone_de_securite PASSED [ 82%]
tests/test_style_sous_titres.py::test_position_haut_centre_et_reglage_fin PASSED [ 82%]
tests/test_style_sous_titres.py::test_jamais_au_dela_de_la_marge_maximum PASSED [ 82%]
tests/test_style_sous_titres.py::test_limites_du_reglage_fin_pour_le_plus_grand_sous_titre PASSED [ 82%]
tests/test_style_sous_titres.py::test_alignement_a_gauche_et_a_droite PASSED [ 82%]
tests/test_style_sous_titres.py::test_mot_seul_rapetisse PASSED          [ 82%]
tests/test_style_sous_titres.py::test_sous_titre_au_temps PASSED         [ 82%]
tests/test_style_texte.py::test_style_complet_ecrit_puis_relu PASSED     [ 82%]
tests/test_style_texte.py::test_lecture_tolerante_des_effets PASSED      [ 83%]
tests/test_style_texte.py::test_projet_de_la_1_4_garde_son_apparence PASSED [ 83%]
tests/test_style_texte.py::test_style_de_depart_des_nouveaux_projets PASSED [ 83%]
tests/test_style_texte.py::test_le_bloc_compte_le_debord PASSED          [ 83%]
tests/test_style_texte.py::test_a_gauche_la_boite_visible_part_du_bord_de_la_zone PASSED [ 83%]
tests/test_style_texte.py::test_le_reglage_fin_s_arrete_avec_le_debord PASSED [ 83%]
tests/test_style_texte.py::test_le_decoupage_compte_le_debord PASSED     [ 83%]
tests/test_style_texte.py::test_mot_seul_rapetisse_sans_rapetisser_le_debord PASSED [ 83%]
tests/test_style_texte_interface.py::test_contour_autour_des_lettres PASSED [ 83%]
tests/test_style_texte_interface.py::test_fond_par_mot_par_ligne_ou_en_bloc[mot-None] PASSED [ 84%]
tests/test_style_texte_interface.py::test_fond_par_mot_par_ligne_ou_en_bloc[ligne-None] PASSED [ 84%]
tests/test_style_texte_interface.py::test_fond_par_mot_par_ligne_ou_en_bloc[bloc-1] PASSED [ 84%]
tests/test_style_texte_interface.py::test_lueur_et_ombre_debordent_du_bloc PASSED [ 84%]
tests/test_style_texte_interface.py::test_degrade_de_deux_couleurs PASSED [ 84%]
tests/test_style_texte_interface.py::test_espaces_entre_les_lettres_et_les_mots PASSED [ 84%]
tests/test_style_texte_interface.py::test_police_fournie_ou_remplacee PASSED [ 84%]
tests/test_style_texte_interface.py::test_importer_une_police PASSED     [ 84%]
tests/test_style_texte_interface.py::test_apercu_a_100_pour_cent_identique_a_l_export_avec_les_effets PASSED [ 84%]
tests/test_style_texte_interface.py::test_onglet_texte_montre_et_rend_le_style_exact PASSED [ 85%]
tests/test_style_texte_interface.py::test_reglages_d_un_effet_decoche_grises PASSED [ 85%]
tests/test_style_texte_interface.py::test_nouveau_projet_en_poppins_avec_contour PASSED [ 85%]
tests/test_style_texte_interface.py::test_changer_une_couleur_garde_le_reste_exact PASSED [ 85%]
tests/test_style_texte_interface.py::test_retablir_un_groupe PASSED      [ 85%]
tests/test_style_texte_interface.py::test_police_absente_remplacee_par_inter PASSED [ 85%]
tests/test_style_texte_interface.py::test_police_importee_choisie PASSED [ 85%]
tests/test_style_texte_interface.py::test_pipette_prend_une_couleur_dans_l_apercu PASSED [ 85%]
tests/test_style_texte_interface.py::test_studio_sur_une_colonne_quand_les_reglages_ne_tiennent_pas PASSED [ 85%]
tests/test_styles_prononciation.py::test_assistant_assemble_en_anglais_avec_traduction PASSED [ 86%]
tests/test_styles_prononciation.py::test_exemples_fournis_puis_modifiables PASSED [ 86%]
tests/test_styles_prononciation.py::test_bibliotheque_previent_de_ses_changements PASSED [ 86%]
tests/test_styles_prononciation.py::test_style_court_en_anglais_sans_avertissement PASSED [ 86%]
tests/test_styles_prononciation.py::test_style_en_francais_propose_la_traduction PASSED [ 86%]
tests/test_styles_prononciation.py::test_style_trop_long PASSED          [ 86%]
tests/test_styles_prononciation.py::test_trait_permanent_et_meta_consigne PASSED [ 86%]
tests/test_styles_prononciation.py::test_son_ponctuel_propose_une_balise PASSED [ 86%]
tests/test_styles_prononciation.py::test_description_de_voix_trop_longue PASSED [ 86%]
tests/test_styles_prononciation.py::test_conseils_en_anglais_et_en_francais PASSED [ 86%]
tests/test_styles_prononciation.py::test_prononciation_appliquee_au_texte_du_tts_seulement PASSED [ 87%]
tests/test_styles_prononciation.py::test_balises_jamais_modifiees PASSED [ 87%]
tests/test_styles_prononciation.py::test_le_mot_le_plus_long_gagne PASSED [ 87%]
tests/test_styles_prononciation.py::test_le_projet_l_emporte_sur_le_global PASSED [ 87%]
tests/test_styles_prononciation.py::test_dictionnaire_global_enregistre PASSED [ 87%]
tests/test_tableau.py::test_une_ligne_par_case PASSED                    [ 87%]
tests/test_tableau.py::test_texte_ecrit_sur_deux_lignes PASSED           [ 87%]
tests/test_tableau.py::test_les_colonnes_de_texte_se_resserrent_d_abord PASSED [ 87%]
tests/test_tableau.py::test_barre_horizontale_en_dernier_recours PASSED  [ 87%]
tests/test_tableau.py::test_texte_complet_au_survol PASSED               [ 88%]
tests/test_tableau.py::test_montants_jamais_coupes PASSED                [ 88%]
tests/test_theme.py::test_couleurs_du_cahier_des_charges PASSED          [ 88%]
tests/test_theme.py::test_espacements_autorises_uniquement PASSED        [ 88%]
tests/test_theme.py::test_arrondis_hauteurs_typo PASSED                  [ 88%]
tests/test_theme.py::test_feuille_de_style_complete PASSED               [ 88%]
tests/test_theme.py::test_familles_par_graisse PASSED                    [ 88%]
tests/test_theme.py::test_hauteur_des_boutons_32px PASSED                [ 88%]
tests/test_theme.py::test_mesures_v32 PASSED                             [ 88%]
tests/test_theme.py::test_rgba PASSED                                    [ 89%]
tests/test_transcription.py::test_mot_prononce_a_un_moment PASSED        [ 89%]
tests/test_transcription.py::test_corriger_garde_le_timing PASSED        [ 89%]
tests/test_transcription.py::test_fusionner_couper_supprimer PASSED      [ 89%]
tests/test_transcription.py::test_ajuster_les_temps_sans_chevauchement PASSED [ 89%]
tests/test_transcription.py::test_remplacements_sur_plusieurs_mots PASSED [ 89%]
tests/test_transcription.py::test_dictionnaires_de_remplacements PASSED  [ 89%]
tests/test_transcription.py::test_hesitations_masquees_dans_les_sous_titres PASSED [ 89%]
tests/test_transcription.py::test_transcription_enregistree_puis_relue PASSED [ 89%]
tests/test_transcription.py::test_projet_avec_transcription PASSED       [ 90%]
tests/test_transcription.py::test_decoupage_sous_la_limite_de_google PASSED [ 90%]
tests/test_transcription.py::test_coupure_placee_dans_un_silence PASSED  [ 90%]
tests/test_transcription.py::test_preparer_un_wav_stereo_48_khz PASSED   [ 90%]
tests/test_transcription.py::test_transcrire_une_source_courte PASSED    [ 90%]
tests/test_transcription.py::test_texte_seul_sans_temps PASSED           [ 90%]
tests/test_transcription.py::test_longue_source_coupee_dans_les_silences PASSED [ 90%]
tests/test_transcription.py::test_terminer_une_transcription PASSED      [ 90%]
tests/test_transcription.py::test_sous_titres_d_une_prise_alignes_sur_son_script PASSED [ 90%]
tests/test_transcription.py::test_hesitations_selon_la_langue PASSED     [ 90%]
tests/test_transcription.py::test_estimation_du_cout PASSED              [ 91%]
tests/test_transcription_google.py::test_transcription_complete PASSED   [ 91%]
tests/test_transcription_google.py::test_options_de_transcription PASSED [ 91%]
tests/test_transcription_google.py::test_fichier_en_preparation_puis_pret PASSED [ 91%]
tests/test_transcription_google.py::test_fichier_supprime_meme_si_la_transcription_echoue PASSED [ 91%]
tests/test_transcription_google.py::test_depot_refuse PASSED             [ 91%]
tests/test_transcription_google.py::test_adresse_de_depot_de_google PASSED [ 91%]
tests/test_transcription_google.py::test_formats_des_temps PASSED        [ 91%]
tests/test_transcription_google.py::test_transcription_sans_mots_horodates PASSED [ 91%]
tests/test_transcription_google.py::test_transcription_en_echec PASSED   [ 92%]
tests/test_transcription_interface.py::test_page_sans_puis_avec_projet PASSED [ 92%]
tests/test_transcription_interface.py::test_importer_puis_transcrire PASSED [ 92%]
tests/test_transcription_interface.py::test_erreur_de_transcription PASSED [ 92%]
tests/test_transcription_interface.py::test_texte_seul PASSED            [ 92%]
tests/test_transcription_interface.py::test_corriger_fusionner_couper_supprimer PASSED [ 92%]
tests/test_transcription_interface.py::test_temps_invalides_refuses PASSED [ 92%]
tests/test_transcription_interface.py::test_clic_sur_un_mot PASSED       [ 92%]
tests/test_transcription_interface.py::test_voix_separees_en_paragraphes PASSED [ 92%]
tests/test_transcription_interface.py::test_hesitations_barrees_quand_masquees PASSED [ 93%]
tests/test_transcription_interface.py::test_dictionnaire_applique_sans_refaire_la_transcription PASSED [ 93%]
tests/test_transcription_interface.py::test_formats_et_confirmation PASSED [ 93%]
tests/test_transcription_interface.py::test_description_de_la_source PASSED [ 93%]
tests/test_transcription_interface.py::test_masquer_les_hesitations_demande_avant_de_defaire_un_ajustement PASSED [ 93%]
tests/test_variantes.py::test_reglages_dans_l_ordre_du_tableau PASSED    [ 93%]
tests/test_variantes.py::test_differences_avec_la_base PASSED            [ 93%]
tests/test_variantes.py::test_espaces_et_morceaux_de_texte_ne_comptent_pas PASSED [ 93%]
tests/test_variantes.py::test_mode_memes_reglages PASSED                 [ 93%]
tests/test_variantes.py::test_cout_total_des_variantes PASSED            [ 94%]
tests/test_variantes.py::test_serie_de_prises PASSED                     [ 94%]
tests/test_variantes.py::test_serie_memes_reglages_sans_difference PASSED [ 94%]
tests/test_variantes.py::test_differences_de_replique_dans_une_serie[style] PASSED [ 94%]
tests/test_variantes.py::test_differences_de_replique_dans_une_serie[texte] PASSED [ 94%]
tests/test_variantes_interface.py::test_fenetre_des_variantes PASSED     [ 94%]
tests/test_variantes_interface.py::test_generer_une_serie_puis_comparer PASSED [ 94%]
tests/test_variantes_interface.py::test_serie_interrompue_par_une_erreur PASSED [ 94%]
tests/test_variantes_interface.py::test_arreter_une_serie PASSED         [ 94%]
tests/test_variantes_interface.py::test_ecoute_pendant_la_generation PASSED [ 95%]
tests/test_variantes_interface.py::test_sans_ecoute_pendant_la_generation PASSED [ 95%]
tests/test_variantes_interface.py::test_lecteur_en_flux PASSED           [ 95%]
tests/test_variantes_interface.py::test_lecteur_en_flux_sans_carte_son PASSED [ 95%]
tests/test_variantes_interface.py::test_bascule_au_meme_moment_du_texte PASSED [ 95%]
tests/test_variantes_interface.py::test_lecture_enchainee PASSED         [ 95%]
tests/test_variantes_interface.py::test_tache_qui_donne_des_nouvelles PASSED [ 95%]
tests/test_vitesses.py::test_mots_et_temps_de_parole PASSED              [ 95%]
tests/test_vitesses.py::test_vitesse_de_depart_puis_mesuree PASSED       [ 95%]
tests/test_vitesses.py::test_moyenne_des_dernieres_prises PASSED         [ 95%]
tests/test_vitesses.py::test_estimation_avec_la_vitesse_mesuree PASSED   [ 96%]
tests/test_vitesses.py::test_chaque_prise_generee_est_mesuree PASSED     [ 96%]
tests/test_vitesses.py::test_prises_d_un_projet_mesurees_a_l_ouverture PASSED [ 96%]
tests/test_voix.py::test_editeur_aller_retour PASSED                     [ 96%]
tests/test_voix.py::test_badge_insere_au_curseur PASSED                  [ 96%]
tests/test_voix.py::test_texte_tape_apres_un_badge_reste_du_texte PASSED [ 96%]
tests/test_voix.py::test_accentuer_un_mot PASSED                         [ 96%]
tests/test_voix.py::test_coller_du_texte_avec_balises PASSED             [ 96%]
tests/test_voix.py::test_copier_coller_garde_les_accents PASSED          [ 96%]
tests/test_voix.py::test_page_voix_sans_puis_avec_projet PASSED          [ 97%]
tests/test_voix.py::test_generer_une_prise PASSED                        [ 97%]
tests/test_voix.py::test_erreur_de_generation_affichee PASSED            [ 97%]
tests/test_voix.py::test_script_vide_refuse PASSED                       [ 97%]
tests/test_voix.py::test_noter_une_prise PASSED                          [ 97%]
tests/test_voix.py::test_estimation_mise_a_jour PASSED                   [ 97%]
tests/test_voix.py::test_menu_projet PASSED                              [ 97%]
tests/test_voix.py::test_selectionner_tout_ne_detruit_pas_les_badges PASSED [ 97%]
tests/test_voix_locales.py::test_favoris_et_noms_gardes PASSED           [ 97%]
tests/test_voix_locales.py::test_un_clic_sur_etoile_ne_reecrit_pas_la_bibliotheque PASSED [ 98%]
tests/test_voix_locales.py::test_seuls_les_ecrans_concernes_sont_prevenus PASSED [ 98%]
tests/test_voix_locales.py::test_bibliotheque_de_la_1_0_3_deplacee PASSED [ 98%]
tests/test_voix_locales.py::test_libelles PASSED                         [ 98%]
tests/test_voix_locales.py::test_bibliotheque_gardee_une_semaine PASSED  [ 98%]
tests/test_voix_locales.py::test_voix_supprimee_oubliee PASSED           [ 98%]
tests/test_voix_locales.py::test_dates_d_expiration PASSED               [ 98%]
tests/test_voix_locales.py::test_assistant_de_description PASSED         [ 98%]
tests/test_zone_source.py::test_zone_source_d_un_nouveau_projet PASSED   [ 98%]
tests/test_zone_source.py::test_importer_puis_transcrire_depuis_la_zone_source PASSED [ 99%]
tests/test_zone_source.py::test_module_deja_au_travail PASSED            [ 99%]
tests/test_zone_source.py::test_infos_de_la_video_arrivees_apres_l_import PASSED [ 99%]
tests/test_zone_source.py::test_importer_un_fichier_srt PASSED           [ 99%]
tests/test_zone_source.py::test_sous_titres_d_un_fichier_srt_sans_video PASSED [ 99%]
tests/test_zone_source.py::test_corriger_les_mots_importes PASSED        [ 99%]
tests/test_zone_source.py::test_corriger_les_mots_du_module PASSED       [ 99%]
tests/test_zone_source.py::test_double_clic_dans_la_frise_sur_des_mots_importes PASSED [ 99%]
tests/test_zone_source.py::test_fenetre_corriger_les_mots PASSED         [ 99%]
tests/test_zone_source.py::test_la_fenetre_principale_relie_les_deux_modules PASSED [100%]

------ generated xml file: D:\a\ugc-studio\ugc-studio\rapport\tests.xml -------
======================= 922 passed in 281.28s (0:04:41) =======================
